2026-07-29 09:35:42 - INFO - process - Loaded custom model 'socioeconomic_drivers' from 'C:\Users\i.costa-alves\Documents\Kodigus\aeromaps\AeroMAPS\aeromaps\notebooks\scenarios\02_atag_waypoint2050\3rd_edition_full_coupled_demand\models\socioeconomic_drivers.py'
2026-07-29 09:35:43 - INFO - process - Running MDA
2026-07-29 09:36:09 - INFO - process - Loaded custom model 'socioeconomic_drivers' from 'C:\Users\i.costa-alves\Documents\Kodigus\aeromaps\AeroMAPS\aeromaps\notebooks\scenarios\02_atag_waypoint2050\3rd_edition_full_coupled_demand\models\socioeconomic_drivers.py'
2026-07-29 09:36:10 - INFO - process - Running MDA
2026-07-29 09:37:58 - INFO - process - Loaded custom model 'socioeconomic_drivers' from 'C:\Users\i.costa-alves\Documents\Kodigus\aeromaps\AeroMAPS\aeromaps\notebooks\scenarios\02_atag_waypoint2050\3rd_edition_full_coupled_demand\models\socioeconomic_drivers.py'
2026-07-29 09:41:18 - DEBUG - backend_pdf - Assigning font /F1 = 'C:\\Users\\i.costa-alves\\Documents\\Kodigus\\Python_v3_11\\Lib\\site-packages\\matplotlib\\mpl-data\\fonts\\ttf\\DejaVuSans.ttf'
2026-07-29 09:41:18 - DEBUG - backend_pdf - Embedding font C:\Users\i.costa-alves\Documents\Kodigus\Python_v3_11\Lib\site-packages\matplotlib\mpl-data\fonts\ttf\DejaVuSans.ttf.
2026-07-29 09:41:18 - DEBUG - backend_pdf - Writing TrueType font.
2026-07-29 09:41:18 - INFO - process - Loaded custom model 'socioeconomic_drivers' from 'C:\Users\i.costa-alves\Documents\Kodigus\aeromaps\AeroMAPS\aeromaps\notebooks\scenarios\02_atag_waypoint2050\3rd_edition_full_coupled_demand\models\socioeconomic_drivers.py'
2026-07-29 09:41:19 - INFO - process - Running MDA
2026-07-29 09:41:23 - INFO - base_mda_solver - MDAGaussSeidel running... Normalized residual norm = 1.00e+00 (iter. 1)
2026-07-29 09:41:23 - INFO - base_mda_solver - MDAGaussSeidel running... Normalized residual norm = 6.07e-02 (iter. 2)
2026-07-29 09:41:24 - INFO - base_mda_solver - MDAGaussSeidel running... Normalized residual norm = 6.18e-02 (iter. 3)
2026-07-29 09:41:24 - INFO - base_mda_solver - MDAGaussSeidel running... Normalized residual norm = 5.86e-03 (iter. 4)
2026-07-29 09:41:25 - INFO - base_mda_solver - MDAGaussSeidel running... Normalized residual norm = 5.85e-03 (iter. 5)
2026-07-29 09:41:25 - INFO - base_mda_solver - MDAGaussSeidel running... Normalized residual norm = 5.94e-04 (iter. 6)
2026-07-29 09:41:26 - INFO - base_mda_solver - MDAGaussSeidel running... Normalized residual norm = 5.89e-04 (iter. 7)
2026-07-29 09:41:26 - INFO - base_mda_solver - MDAGaussSeidel running... Normalized residual norm = 6.05e-05 (iter. 8)
2026-07-29 09:41:27 - INFO - base_mda_solver - MDAGaussSeidel running... Normalized residual norm = 5.96e-05 (iter. 9)
2026-07-29 09:41:27 - INFO - base_mda_solver - MDAGaussSeidel running... Normalized residual norm = 6.12e-06 (iter. 10)
2026-07-29 09:41:28 - INFO - base_mda_solver - MDAGaussSeidel running... Normalized residual norm = 6.01e-06 (iter. 11)
2026-07-29 09:41:28 - INFO - base_mda_solver - MDAGaussSeidel running... Normalized residual norm = 6.36e-07 (iter. 12)
2026-07-29 09:41:29 - INFO - base_mda_solver - MDAGaussSeidel running... Normalized residual norm = 6.24e-07 (iter. 13)
2026-07-29 09:41:29 - INFO - base_mda_solver - MDAGaussSeidel running... Normalized residual norm = 1.89e-07 (iter. 14)
2026-07-29 09:41:29 - INFO - base_mda_solver - MDAGaussSeidel running... Normalized residual norm = 1.88e-07 (iter. 15)
2026-07-29 09:41:30 - INFO - base_mda_solver - MDAGaussSeidel running... Normalized residual norm = 1.79e-07 (iter. 16)
2026-07-29 09:41:31 - INFO - base_mda_solver - MDAGaussSeidel running... Normalized residual norm = 1.79e-07 (iter. 17)
2026-07-29 09:41:31 - INFO - base_mda_solver - MDAGaussSeidel running... Normalized residual norm = 1.79e-07 (iter. 18)
2026-07-29 09:41:31 - INFO - base_mda_solver - MDAGaussSeidel running... Normalized residual norm = 1.79e-07 (iter. 19)
2026-07-29 09:41:32 - INFO - base_mda_solver - MDAGaussSeidel running... Normalized residual norm = 1.79e-07 (iter. 20)
2026-07-29 09:41:32 - INFO - base_mda_solver - MDAGaussSeidel running... Normalized residual norm = 1.79e-07 (iter. 21)
2026-07-29 09:41:33 - INFO - base_mda_solver - MDAGaussSeidel running... Normalized residual norm = 1.79e-07 (iter. 22)
2026-07-29 09:41:33 - INFO - base_mda_solver - MDAGaussSeidel running... Normalized residual norm = 1.79e-07 (iter. 23)
2026-07-29 09:41:34 - INFO - base_mda_solver - MDAGaussSeidel running... Normalized residual norm = 1.79e-07 (iter. 24)
2026-07-29 09:41:34 - INFO - base_mda_solver - MDAGaussSeidel running... Normalized residual norm = 1.79e-07 (iter. 25)
2026-07-29 09:41:35 - INFO - base_mda_solver - MDAGaussSeidel running... Normalized residual norm = 1.79e-07 (iter. 26)
2026-07-29 09:41:35 - INFO - base_mda_solver - MDAGaussSeidel running... Normalized residual norm = 1.79e-07 (iter. 27)
2026-07-29 09:41:36 - INFO - base_mda_solver - MDAGaussSeidel running... Normalized residual norm = 1.79e-07 (iter. 28)
2026-07-29 09:41:36 - INFO - base_mda_solver - MDAGaussSeidel running... Normalized residual norm = 1.79e-07 (iter. 29)
2026-07-29 09:41:36 - INFO - base_mda_solver - MDAGaussSeidel running... Normalized residual norm = 1.79e-07 (iter. 30)
2026-07-29 09:41:37 - INFO - base_mda_solver - MDAGaussSeidel running... Normalized residual norm = 1.79e-07 (iter. 31)
2026-07-29 09:41:37 - INFO - base_mda_solver - MDAGaussSeidel running... Normalized residual norm = 1.79e-07 (iter. 32)
2026-07-29 09:41:38 - INFO - base_mda_solver - MDAGaussSeidel running... Normalized residual norm = 1.79e-07 (iter. 33)
2026-07-29 09:41:38 - INFO - base_mda_solver - MDAGaussSeidel running... Normalized residual norm = 1.79e-07 (iter. 34)
2026-07-29 09:41:38 - INFO - base_mda_solver - MDAGaussSeidel running... Normalized residual norm = 1.79e-07 (iter. 35)
2026-07-29 09:41:39 - INFO - base_mda_solver - MDAGaussSeidel running... Normalized residual norm = 1.79e-07 (iter. 36)
2026-07-29 09:41:39 - INFO - base_mda_solver - MDAGaussSeidel running... Normalized residual norm = 1.79e-07 (iter. 37)
2026-07-29 09:41:39 - WARNING - base_mda_solver - MDAGaussSeidel has reached its maximum number of unsuccessful iterations, but the normalized residual norm 1.7901986351239345e-07 is still above the tolerance 1e-10.
2026-07-29 09:41:41 - DEBUG - process - Input 'ask' not found in process parameters; skipping.
2026-07-29 09:41:41 - DEBUG - process - Input 'ask_short_range' not found in process parameters; skipping.
2026-07-29 09:41:41 - DEBUG - process - Input 'ask_medium_range' not found in process parameters; skipping.
2026-07-29 09:41:41 - DEBUG - process - Input 'ask_long_range' not found in process parameters; skipping.
2026-07-29 09:41:41 - DEBUG - process - Input 'load_factor' not found in process parameters; skipping.
2026-07-29 09:41:41 - DEBUG - process - Input 'rpk_short_range' not found in process parameters; skipping.
2026-07-29 09:41:41 - DEBUG - process - Input 'rpk_medium_range' not found in process parameters; skipping.
2026-07-29 09:41:41 - DEBUG - process - Input 'rpk_long_range' not found in process parameters; skipping.
2026-07-29 09:41:41 - DEBUG - process - Input 'dropin_fuel_mean_co2_emission_factor' not found in process parameters; skipping.
2026-07-29 09:41:41 - DEBUG - process - Input 'hydrogen_mean_co2_emission_factor' not found in process parameters; skipping.
2026-07-29 09:41:41 - DEBUG - process - Input 'electric_mean_co2_emission_factor' not found in process parameters; skipping.
2026-07-29 09:41:41 - DEBUG - process - Input 'dropin_fuel_mean_mfsp' not found in process parameters; skipping.
2026-07-29 09:41:41 - DEBUG - process - Input 'hydrogen_mean_mfsp' not found in process parameters; skipping.
2026-07-29 09:41:41 - DEBUG - process - Input 'electric_mean_mfsp' not found in process parameters; skipping.
2026-07-29 09:41:41 - DEBUG - process - Input 'dropin_fuel_mean_unit_carbon_tax' not found in process parameters; skipping.
2026-07-29 09:41:41 - DEBUG - process - Input 'hydrogen_mean_unit_carbon_tax' not found in process parameters; skipping.
2026-07-29 09:41:41 - DEBUG - process - Input 'electric_mean_unit_carbon_tax' not found in process parameters; skipping.
2026-07-29 09:41:41 - DEBUG - process - Input 'dropin_fuel_mean_unit_tax' not found in process parameters; skipping.
2026-07-29 09:41:41 - DEBUG - process - Input 'hydrogen_mean_unit_tax' not found in process parameters; skipping.
2026-07-29 09:41:41 - DEBUG - process - Input 'electric_mean_unit_tax' not found in process parameters; skipping.
2026-07-29 09:41:41 - DEBUG - process - Input 'dropin_fuel_mean_unit_subsidy' not found in process parameters; skipping.
2026-07-29 09:41:41 - DEBUG - process - Input 'hydrogen_mean_unit_subsidy' not found in process parameters; skipping.
2026-07-29 09:41:41 - DEBUG - process - Input 'electric_mean_unit_subsidy' not found in process parameters; skipping.
2026-07-29 09:41:41 - DEBUG - process - Input 'doc_non_energy_per_ask_short_range_dropin_fuel' not found in process parameters; skipping.
2026-07-29 09:41:41 - DEBUG - process - Input 'doc_non_energy_per_ask_short_range_hydrogen' not found in process parameters; skipping.
2026-07-29 09:41:41 - DEBUG - process - Input 'doc_non_energy_per_ask_short_range_electric' not found in process parameters; skipping.
2026-07-29 09:41:41 - DEBUG - process - Input 'doc_non_energy_per_ask_short_range_mean' not found in process parameters; skipping.
2026-07-29 09:41:41 - DEBUG - process - Input 'doc_non_energy_per_ask_medium_range_dropin_fuel' not found in process parameters; skipping.
2026-07-29 09:41:41 - DEBUG - process - Input 'doc_non_energy_per_ask_medium_range_hydrogen' not found in process parameters; skipping.
2026-07-29 09:41:41 - DEBUG - process - Input 'doc_non_energy_per_ask_medium_range_electric' not found in process parameters; skipping.
2026-07-29 09:41:41 - DEBUG - process - Input 'doc_non_energy_per_ask_medium_range_mean' not found in process parameters; skipping.
2026-07-29 09:41:41 - DEBUG - process - Input 'doc_non_energy_per_ask_long_range_dropin_fuel' not found in process parameters; skipping.
2026-07-29 09:41:41 - DEBUG - process - Input 'doc_non_energy_per_ask_long_range_hydrogen' not found in process parameters; skipping.
2026-07-29 09:41:41 - DEBUG - process - Input 'doc_non_energy_per_ask_long_range_electric' not found in process parameters; skipping.
2026-07-29 09:41:41 - DEBUG - process - Input 'doc_non_energy_per_ask_long_range_mean' not found in process parameters; skipping.
2026-07-29 09:41:41 - DEBUG - process - Input 'doc_non_energy_per_ask_mean' not found in process parameters; skipping.
2026-07-29 09:41:41 - DEBUG - process - Input 'hefa_oil_crops_trees_energy_consumption' not found in process parameters; skipping.
2026-07-29 09:41:41 - DEBUG - process - Input 'atj_cellulosic_cover_crops_energy_consumption' not found in process parameters; skipping.
2026-07-29 09:41:41 - DEBUG - process - Input 'hefa_waste_residue_lipids_energy_consumption' not found in process parameters; skipping.
2026-07-29 09:41:41 - DEBUG - process - Input 'atj_agricultural_residues_energy_consumption' not found in process parameters; skipping.
2026-07-29 09:41:41 - DEBUG - process - Input 'ft_woody_biomass_energy_consumption' not found in process parameters; skipping.
2026-07-29 09:41:41 - DEBUG - process - Input 'ft_municipal_solid_waste_energy_consumption' not found in process parameters; skipping.
2026-07-29 09:41:41 - DEBUG - process - Input 'atj_waste_gas_energy_consumption' not found in process parameters; skipping.
2026-07-29 09:41:41 - DEBUG - process - Input 'electrofuel_energy_consumption' not found in process parameters; skipping.
2026-07-29 09:41:41 - DEBUG - process - Input 'fossil_kerosene_energy_consumption' not found in process parameters; skipping.
2026-07-29 09:41:41 - DEBUG - process - Input 'liquid_hydrogen_energy_consumption' not found in process parameters; skipping.
2026-07-29 09:41:41 - DEBUG - process - Input 'battery_electric_energy_consumption' not found in process parameters; skipping.
2026-07-29 09:41:43 - INFO - functions - \U0001f9f9 clean_notebooks_on_tests called
2026-07-29 09:41:43 - INFO - functions - \u23ed Skipping cleanup during notebook run
